[{"track_number": 1, "id": "21UPL4RXZPmg2TZ2DgWADj", "name": "Feels Like You", "duration_sec": 198.912, "popularity": 63, "artists": [{"artist": "Faime", "artist_id": "6bNCZ9mUA7Qpg8Vu6WGox4"}], "image": "https://i.scdn.co/image/ab67616d00001e0294996b6070392e82aceba61d", "preview_url": "https://p.scdn.co/mp3-preview/cf10c0cf699db2391187e86250662c487730cd18?cid=a385face37b84703b1e09a777a7b22ed", "genres": [], "danceability": 0.848, "energy": 0.352, "key": 4, "loudness": -6.798, "mode": 1, "speechiness": 0.0464, "acousticness": 0.789, "instrumentalness": 0.000105, "liveness": 0.0865, "valence": 0.571, "tempo": 92.991, "type": "audio_features", "uri": "spotify:track:21UPL4RXZPmg2TZ2DgWADj", "track_href": "https://api.spotify.com/v1/tracks/21UPL4RXZPmg2TZ2DgWADj", "analysis_url": "https://api.spotify.com/v1/audio-analysis/21UPL4RXZPmg2TZ2DgWADj", "duration_ms": 198912, "time_signature": 4}, {"track_number": 2, "id": "4qu63nuBpdn0qHUHuObEj1", "name": "Leave Before You Love Me (with Jonas Brothers)", "duration_sec": 154.983, "popularity": 85, "artists": [{"artist": "Marshmello", "artist_id": "64KEffDW9EtZ1y2vBYgq8T"}, {"artist": "Jonas Brothers", "artist_id": "7gOdHgIoIKoe4i9Tta6qdD"}], "image": "https://i.scdn.co/image/ab67616d00001e02ae40468931087f78919b86ce", "preview_url": null, "genres": ["brostep", "edm", "pop", "progressive electro house", "boy band"], "danceability": 0.721, "energy": 0.738, "key": 7, "loudness": -4.77, "mode": 1, "speechiness": 0.0403, "acousticness": 0.00226, "instrumentalness": 4.41e-06, "liveness": 0.118, "valence": 0.637, "tempo": 119.976, "type": "audio_features", "uri": "spotify:track:4qu63nuBpdn0qHUHuObEj1", "track_href": "https://api.spotify.com/v1/tracks/4qu63nuBpdn0qHUHuObEj1", "analysis_url": "https://api.spotify.com/v1/audio-analysis/4qu63nuBpdn0qHUHuObEj1", "duration_ms": 154983, "time_signature": 4}, {"track_number": 3, "id": "21RzyxY3EFaxVy6K4RqaU9", "name": "Body", "duration_sec": 163.216, "popularity": 77, "artists": [{"artist": "Loud Luxury", "artist_id": "6t1gpxYbY8OlLA7D2RiikQ"}, {"artist": "Brando", "artist_id": "5uEeqYFuIChoWKy34jp8xE"}], "image": "https://i.scdn.co/image/ab67616d00001e02af5e185b80d374b0c6beb10f", "preview_url": "https://p.scdn.co/mp3-preview/500f32c94358533f3736af033498350a9636e701?cid=a385face37b84703b1e09a777a7b22ed", "genres": ["edm", "pop dance", "tropical house", "dance pop", "uk dance"], "danceability": 0.752, "energy": 0.764, "key": 1, "loudness": -4.399, "mode": 1, "speechiness": 0.038, "acousticness": 0.0476, "instrumentalness": 9.44e-05, "liveness": 0.0543, "valence": 0.582, "tempo": 121.958, "type": "audio_features", "uri": "spotify:track:21RzyxY3EFaxVy6K4RqaU9", "track_href": "https://api.spotify.com/v1/tracks/21RzyxY3EFaxVy6K4RqaU9", "analysis_url": "https://api.spotify.com/v1/audio-analysis/21RzyxY3EFaxVy6K4RqaU9", "duration_ms": 163216, "time_signature": 4}, {"track_number": 4, "id": "16frIpnyUb9poRwQxQTmaC", "name": "Come With Me", "duration_sec": 209.732, "popularity": 71, "artists": [{"artist": "Surfaces", "artist_id": "4ETSs924pXMzjIeD6E9b4u"}, {"artist": "salem ilese", "artist_id": "3QJUFtGBGL05vo0kCJZsmT"}], "image": "https://i.scdn.co/image/ab67616d00001e0200d5a8ba3fc0f5850b00acdc", "preview_url": null, "genres": ["bedroom soul", "alt z", "modern indie pop"], "danceability": 0.876, "energy": 0.565, "key": 11, "loudness": -6.569, "mode": 0, "speechiness": 0.0333, "acousticness": 0.16, "instrumentalness": 0.0284, "liveness": 0.114, "valence": 0.931, "tempo": 111.936, "type": "audio_features", "uri": "spotify:track:16frIpnyUb9poRwQxQTmaC", "track_href": "https://api.spotify.com/v1/tracks/16frIpnyUb9poRwQxQTmaC", "analysis_url": "https://api.spotify.com/v1/audio-analysis/16frIpnyUb9poRwQxQTmaC", "duration_ms": 209732, "time_signature": 4}, {"track_number": 5, "id": "7kQkmyoHCEqwe7QwDbkSXM", "name": "Let's Fall in Love for the Night", "duration_sec": 190.348, "popularity": 10, "artists": [{"artist": "FINNEAS", "artist_id": "37M5pPGs6V1fchFJSgCguX"}], "image": "https://i.scdn.co/image/ab67616d00001e02b226999f1df0dcdec8a53abe", "preview_url": null, "genres": ["alt z", "la indie", "pop", "pov: indie"], "danceability": 0.737, "energy": 0.408, "key": 5, "loudness": -7.941, "mode": 1, "speechiness": 0.104, "acousticness": 0.802, "instrumentalness": 0, "liveness": 0.171, "valence": 0.374, "tempo": 127.921, "type": "audio_features", "uri": "spotify:track:7kQkmyoHCEqwe7QwDbkSXM", "track_href": "https://api.spotify.com/v1/tracks/7kQkmyoHCEqwe7QwDbkSXM", "analysis_url": "https://api.spotify.com/v1/audio-analysis/7kQkmyoHCEqwe7QwDbkSXM", "duration_ms": 190348, "time_signature": 4}, {"track_number": 6, "id": "4v0yb4H5zz221M8DPziOyh", "name": "Pink cheeks", "duration_sec": 183.773, "popularity": 46, "artists": [{"artist": "Eldon", "artist_id": "04GW9HXt9A5aPSNIVBf6m4"}], "image": "https://i.scdn.co/image/ab67616d00001e02b97a2bfbd139b815f3a82a6f", "preview_url": "https://p.scdn.co/mp3-preview/5964822565a3a96116e5636e8d8d3ce0ccc38ba5?cid=a385face37b84703b1e09a777a7b22ed", "genres": [], "danceability": 0.841, "energy": 0.494, "key": 6, "loudness": -4.521, "mode": 1, "speechiness": 0.0371, "acousticness": 0.412, "instrumentalness": 6.82e-06, "liveness": 0.123, "valence": 0.702, "tempo": 95.02, "type": "audio_features", "uri": "spotify:track:4v0yb4H5zz221M8DPziOyh", "track_href": "https://api.spotify.com/v1/tracks/4v0yb4H5zz221M8DPziOyh", "analysis_url": "https://api.spotify.com/v1/audio-analysis/4v0yb4H5zz221M8DPziOyh", "duration_ms": 183773, "time_signature": 4}, {"track_number": 7, "id": "6AGOKlMZWLCaEJGnaROtF9", "name": "Put Your Records On", "duration_sec": 210.463, "popularity": 76, "artists": [{"artist": "Ritt Momney", "artist_id": "7MPGCB854Qo4alYMOPkBka"}], "image": "https://i.scdn.co/image/ab67616d00001e02d52d8eb3be188231e120dbbd", "preview_url": "https://p.scdn.co/mp3-preview/5f8e41ff69918de51a17df2f9b4517c1fa319b9c?cid=a385face37b84703b1e09a777a7b22ed", "genres": ["bedroom pop"], "danceability": 0.399, "energy": 0.491, "key": 6, "loudness": -10.778, "mode": 0, "speechiness": 0.0538, "acousticness": 0.0563, "instrumentalness": 0.00089, "liveness": 0.11, "valence": 0.151, "tempo": 91.066, "type": "audio_features", "uri": "spotify:track:6AGOKlMZWLCaEJGnaROtF9", "track_href": "https://api.spotify.com/v1/tracks/6AGOKlMZWLCaEJGnaROtF9", "analysis_url": "https://api.spotify.com/v1/audio-analysis/6AGOKlMZWLCaEJGnaROtF9", "duration_ms": 210463, "time_signature": 4}, {"track_number": 8, "id": "720bDWggHx9KL3TzKZeM1c", "name": "Not Angry", "duration_sec": 199.687, "popularity": 62, "artists": [{"artist": "Chris James", "artist_id": "1PU4kQGbRVMSyvawEYEjFp"}], "image": "https://i.scdn.co/image/ab67616d00001e02c45b0756cde87e4d6378d1ca", "preview_url": "https://p.scdn.co/mp3-preview/eac3566dd16225d1f5372b1887ef44ace3a64b61?cid=a385face37b84703b1e09a777a7b22ed", "genres": [], "danceability": 0.853, "energy": 0.314, "key": 5, "loudness": -12.418, "mode": 0, "speechiness": 0.065, "acousticness": 0.646, "instrumentalness": 0.000211, "liveness": 0.107, "valence": 0.679, "tempo": 123.974, "type": "audio_features", "uri": "spotify:track:720bDWggHx9KL3TzKZeM1c", "track_href": "https://api.spotify.com/v1/tracks/720bDWggHx9KL3TzKZeM1c", "analysis_url": "https://api.spotify.com/v1/audio-analysis/720bDWggHx9KL3TzKZeM1c", "duration_ms": 199687, "time_signature": 4}, {"track_number": 9, "id": "3SHopOL3KEJ8PFl3vJdfmF", "name": "Naina", "duration_sec": 225.568, "popularity": 67, "artists": [{"artist": "Sona Mohapatra", "artist_id": "5bv6NvAYNuvd2Vq13nHdG3"}, {"artist": "Armaan Malik", "artist_id": "4IKVDbCSBTxBeAsMKjAuTs"}], "image": "https://i.scdn.co/image/ab67616d00001e023b37f6de72015eefce8ee5d3", "preview_url": "https://p.scdn.co/mp3-preview/445489adfee36e19cb53afa53ca78cf1a6d7a8a6?cid=a385face37b84703b1e09a777a7b22ed", "genres": ["filmi", "modern bollywood", "desi pop"], "danceability": 0.495, "energy": 0.556, "key": 3, "loudness": -7.49, "mode": 1, "speechiness": 0.041, "acousticness": 0.638, "instrumentalness": 0, "liveness": 0.123, "valence": 0.366, "tempo": 159.996, "type": "audio_features", "uri": "spotify:track:3SHopOL3KEJ8PFl3vJdfmF", "track_href": "https://api.spotify.com/v1/tracks/3SHopOL3KEJ8PFl3vJdfmF", "analysis_url": "https://api.spotify.com/v1/audio-analysis/3SHopOL3KEJ8PFl3vJdfmF", "duration_ms": 225569, "time_signature": 4}, {"track_number": 10, "id": "3je88Q4OvTqIx7BFRFYvRA", "name": "Phases", "duration_sec": 215.75900000000001, "popularity": 66, "artists": [{"artist": "PRETTYMUCH", "artist_id": "5Y8eJDj37KhaEeqbVO7Ag1"}], "image": "https://i.scdn.co/image/ab67616d00001e023a9e34e2c4a10a7dabd13196", "preview_url": "https://p.scdn.co/mp3-preview/648152706d2c166c347a6818f69dda33ef8b926f?cid=a385face37b84703b1e09a777a7b22ed", "genres": ["boy band", "pop"], "danceability": 0.77, "energy": 0.636, "key": 11, "loudness": -6.724, "mode": 0, "speechiness": 0.131, "acousticness": 0.169, "instrumentalness": 0, "liveness": 0.0676, "valence": 0.492, "tempo": 105.93, "type": "audio_features", "uri": "spotify:track:3je88Q4OvTqIx7BFRFYvRA", "track_href": "https://api.spotify.com/v1/tracks/3je88Q4OvTqIx7BFRFYvRA", "analysis_url": "https://api.spotify.com/v1/audio-analysis/3je88Q4OvTqIx7BFRFYvRA", "duration_ms": 215760, "time_signature": 4}]