[{"track_number": 1, "id": "21UPL4RXZPmg2TZ2DgWADj", "name": "Feels Like You", "duration_sec": 198.912, "popularity": 63, "artists": [{"artist": "Faime", "artist_id": "6bNCZ9mUA7Qpg8Vu6WGox4"}], "image": "https://i.scdn.co/image/ab67616d00001e0294996b6070392e82aceba61d", "preview_url": "https://p.scdn.co/mp3-preview/cf10c0cf699db2391187e86250662c487730cd18?cid=a385face37b84703b1e09a777a7b22ed", "genres": []}, {"track_number": 2, "id": "4qu63nuBpdn0qHUHuObEj1", "name": "Leave Before You Love Me (with Jonas Brothers)", "duration_sec": 154.983, "popularity": 85, "artists": [{"artist": "Marshmello", "artist_id": "64KEffDW9EtZ1y2vBYgq8T"}, {"artist": "Jonas Brothers", "artist_id": "7gOdHgIoIKoe4i9Tta6qdD"}], "image": "https://i.scdn.co/image/ab67616d00001e02ae40468931087f78919b86ce", "preview_url": null, "genres": ["brostep", "edm", "pop", "progressive electro house", "boy band"]}, {"track_number": 3, "id": "21RzyxY3EFaxVy6K4RqaU9", "name": "Body", "duration_sec": 163.216, "popularity": 77, "artists": [{"artist": "Loud Luxury", "artist_id": "6t1gpxYbY8OlLA7D2RiikQ"}, {"artist": "Brando", "artist_id": "5uEeqYFuIChoWKy34jp8xE"}], "image": "https://i.scdn.co/image/ab67616d00001e02af5e185b80d374b0c6beb10f", "preview_url": "https://p.scdn.co/mp3-preview/500f32c94358533f3736af033498350a9636e701?cid=a385face37b84703b1e09a777a7b22ed", "genres": ["edm", "pop dance", "tropical house", "dance pop", "uk dance"]}, {"track_number": 4, "id": "16frIpnyUb9poRwQxQTmaC", "name": "Come With Me", "duration_sec": 209.732, "popularity": 71, "artists": [{"artist": "Surfaces", "artist_id": "4ETSs924pXMzjIeD6E9b4u"}, {"artist": "salem ilese", "artist_id": "3QJUFtGBGL05vo0kCJZsmT"}], "image": "https://i.scdn.co/image/ab67616d00001e0200d5a8ba3fc0f5850b00acdc", "preview_url": null, "genres": ["bedroom soul", "alt z", "modern indie pop"]}, {"track_number": 5, "id": "7kQkmyoHCEqwe7QwDbkSXM", "name": "Let's Fall in Love for the Night", "duration_sec": 190.348, "popularity": 11, "artists": [{"artist": "FINNEAS", "artist_id": "37M5pPGs6V1fchFJSgCguX"}], "image": "https://i.scdn.co/image/ab67616d00001e02b226999f1df0dcdec8a53abe", "preview_url": null, "genres": ["alt z", "la indie", "pop"]}, {"track_number": 6, "id": "4v0yb4H5zz221M8DPziOyh", "name": "Pink cheeks", "duration_sec": 183.773, "popularity": 46, "artists": [{"artist": "Eldon", "artist_id": "04GW9HXt9A5aPSNIVBf6m4"}], "image": "https://i.scdn.co/image/ab67616d00001e02b97a2bfbd139b815f3a82a6f", "preview_url": "https://p.scdn.co/mp3-preview/5964822565a3a96116e5636e8d8d3ce0ccc38ba5?cid=a385face37b84703b1e09a777a7b22ed", "genres": []}, {"track_number": 7, "id": "6AGOKlMZWLCaEJGnaROtF9", "name": "Put Your Records On", "duration_sec": 210.463, "popularity": 76, "artists": [{"artist": "Ritt Momney", "artist_id": "7MPGCB854Qo4alYMOPkBka"}], "image": "https://i.scdn.co/image/ab67616d00001e02d52d8eb3be188231e120dbbd", "preview_url": "https://p.scdn.co/mp3-preview/5f8e41ff69918de51a17df2f9b4517c1fa319b9c?cid=a385face37b84703b1e09a777a7b22ed", "genres": ["bedroom pop"]}, {"track_number": 8, "id": "720bDWggHx9KL3TzKZeM1c", "name": "Not Angry", "duration_sec": 199.687, "popularity": 63, "artists": [{"artist": "Chris James", "artist_id": "1PU4kQGbRVMSyvawEYEjFp"}], "image": "https://i.scdn.co/image/ab67616d00001e02c45b0756cde87e4d6378d1ca", "preview_url": "https://p.scdn.co/mp3-preview/eac3566dd16225d1f5372b1887ef44ace3a64b61?cid=a385face37b84703b1e09a777a7b22ed", "genres": []}, {"track_number": 9, "id": "3SHopOL3KEJ8PFl3vJdfmF", "name": "Naina", "duration_sec": 225.568, "popularity": 68, "artists": [{"artist": "Sona Mohapatra", "artist_id": "5bv6NvAYNuvd2Vq13nHdG3"}, {"artist": "Armaan Malik", "artist_id": "4IKVDbCSBTxBeAsMKjAuTs"}], "image": "https://i.scdn.co/image/ab67616d00001e023b37f6de72015eefce8ee5d3", "preview_url": "https://p.scdn.co/mp3-preview/445489adfee36e19cb53afa53ca78cf1a6d7a8a6?cid=a385face37b84703b1e09a777a7b22ed", "genres": ["filmi", "modern bollywood", "desi pop"]}, {"track_number": 10, "id": "3je88Q4OvTqIx7BFRFYvRA", "name": "Phases", "duration_sec": 215.75900000000001, "popularity": 66, "artists": [{"artist": "PRETTYMUCH", "artist_id": "5Y8eJDj37KhaEeqbVO7Ag1"}], "image": "https://i.scdn.co/image/ab67616d00001e023a9e34e2c4a10a7dabd13196", "preview_url": "https://p.scdn.co/mp3-preview/648152706d2c166c347a6818f69dda33ef8b926f?cid=a385face37b84703b1e09a777a7b22ed", "genres": ["boy band", "pop"]}]