[{"artist_rank": 1, "id": "1wRPtKGflJrBx9BmLsSwlU", "name": "Pritam", "popularity": 87, "artist_url": "https://open.spotify.com/artist/1wRPtKGflJrBx9BmLsSwlU", "genres": ["desi pop", "filmi", "indian instrumental", "modern bollywood"], "image": "https://i.scdn.co/image/ab67616100005174cb6926f44f620555ba444fca"}, {"artist_rank": 2, "id": "1mYsTxnqsietFxj1OgoGbG", "name": "A.R. Rahman", "popularity": 81, "artist_url": "https://open.spotify.com/artist/1mYsTxnqsietFxj1OgoGbG", "genres": ["filmi"], "image": "https://i.scdn.co/image/ab67616100005174b19af0ea736c6228d6eb539c"}, {"artist_rank": 3, "id": "2oSONSC9zQ4UonDKnLqksx", "name": "Atif Aslam", "popularity": 77, "artist_url": "https://open.spotify.com/artist/2oSONSC9zQ4UonDKnLqksx", "genres": ["classic pakistani pop", "desi pop", "filmi", "modern bollywood", "sufi"], "image": "https://i.scdn.co/image/ab67616100005174c40600e02356cc86f0debe84"}, {"artist_rank": 4, "id": "5JZ7CnR6gTvEMKX4g70Amv", "name": "Lauv", "popularity": 76, "artist_url": "https://open.spotify.com/artist/5JZ7CnR6gTvEMKX4g70Amv", "genres": ["pop"], "image": "https://i.scdn.co/image/ab676161000051745af53f295e6c42529fbd0873"}, {"artist_rank": 5, "id": "6Mv8GjQa7LKUGCAqa9qqdb", "name": "Vishal-Shekhar", "popularity": 77, "artist_url": "https://open.spotify.com/artist/6Mv8GjQa7LKUGCAqa9qqdb", "genres": ["desi pop", "filmi", "modern bollywood"], "image": "https://i.scdn.co/image/ab6761610000517490b6c3d093f9b02aad628eaf"}, {"artist_rank": 6, "id": "7HCqGPJcQTyGJ2yqntbuyr", "name": "Amit Trivedi", "popularity": 71, "artist_url": "https://open.spotify.com/artist/7HCqGPJcQTyGJ2yqntbuyr", "genres": ["desi pop", "filmi", "modern bollywood"], "image": "https://i.scdn.co/image/ab676161000051741dcbb331f2318db2dd2c6bcf"}, {"artist_rank": 7, "id": "4fEkbug6kZzzJ8eYX6Kbbp", "name": "KK", "popularity": 76, "artist_url": "https://open.spotify.com/artist/4fEkbug6kZzzJ8eYX6Kbbp", "genres": ["desi pop", "filmi", "modern bollywood"], "image": "https://i.scdn.co/image/ab67616100005174b09a31f853166e721d4d46b2"}, {"artist_rank": 8, "id": "4YRxDV8wJFPHPTeXepOstw", "name": "Arijit Singh", "popularity": 88, "artist_url": "https://open.spotify.com/artist/4YRxDV8wJFPHPTeXepOstw", "genres": ["desi pop", "filmi", "modern bollywood"], "image": "https://i.scdn.co/image/ab676161000051740261696c5df3be99da6ed3f3"}, {"artist_rank": 9, "id": "6eUKZXaKkcviH0Ku9w2n3V", "name": "Ed Sheeran", "popularity": 91, "artist_url": "https://open.spotify.com/artist/6eUKZXaKkcviH0Ku9w2n3V", "genres": ["pop", "uk pop"], "image": "https://i.scdn.co/image/ab676161000051749e690225ad4445530612ccc9"}, {"artist_rank": 10, "id": "1e7K8jD3wRuQfnwDAOeGqe", "name": "Fiji Blue", "popularity": 61, "artist_url": "https://open.spotify.com/artist/1e7K8jD3wRuQfnwDAOeGqe", "genres": ["chill pop"], "image": "https://i.scdn.co/image/ab67616100005174a6391644f3fd2f9136b2ac49"}]